Name: Selection
ObjCount: 12
======
Rectangle:
Rectangle:
Rectangle:
Rectangle:
Ellipse:
Ellipse:
Ellipse:
Ellipse:
Rectangle:
Rectangle:
Ellipse:
Ellipse:
--------