dicmdCreateObjRectangle -brush 3 -color #ff00ff -fill 11 -points {(66,64);(168,153)} 
